[0.010s] Invoking command in '/home/karan/vector_ws_corrected/build/vector_agv_v2': CMAKE_PREFIX_PATH=${CMAKE_PREFIX_PATH}:/opt/ros/jazzy DEBUGINFOD_URLS=https://debuginfod.ubuntu.com /usr/bin/cmake --build /home/karan/vector_ws_corrected/build/vector_agv_v2 -- -j12 -l12
[0.035s] -- Found ament_cmake: 2.5.6 (/opt/ros/jazzy/share/ament_cmake/cmake)
[0.235s] -- Found ament_lint_auto: 0.17.5 (/opt/ros/jazzy/share/ament_lint_auto/cmake)
[0.313s] -- Added test 'flake8' to check Python code syntax and style conventions
[0.313s] -- Configured 'flake8' exclude dirs and/or files: 
[0.314s] -- Added test 'lint_cmake' to check CMake code style
[0.314s] -- Added test 'pep257' to check Python code against some of the docstring style conventions in PEP 257
[0.315s] -- Added test 'xmllint' to check XML markup files
[0.316s] -- Configuring done (0.3s)
[0.321s] -- Generating done (0.0s)
[0.323s] -- Build files have been written to: /home/karan/vector_ws_corrected/build/vector_agv_v2
[0.344s] Invoked command in '/home/karan/vector_ws_corrected/build/vector_agv_v2' returned '0': CMAKE_PREFIX_PATH=${CMAKE_PREFIX_PATH}:/opt/ros/jazzy DEBUGINFOD_URLS=https://debuginfod.ubuntu.com /usr/bin/cmake --build /home/karan/vector_ws_corrected/build/vector_agv_v2 -- -j12 -l12
[0.354s] Invoking command in '/home/karan/vector_ws_corrected/build/vector_agv_v2': CMAKE_PREFIX_PATH=${CMAKE_PREFIX_PATH}:/opt/ros/jazzy DEBUGINFOD_URLS=https://debuginfod.ubuntu.com /usr/bin/cmake --install /home/karan/vector_ws_corrected/build/vector_agv_v2
[0.361s] -- Install configuration: ""
[0.361s] -- Up-to-date: /home/karan/vector_ws_corrected/install/vector_agv_v2/share/vector_agv_v2/launch
[0.362s] -- Installing: /home/karan/vector_ws_corrected/install/vector_agv_v2/share/vector_agv_v2/launch/sim.launch.py
[0.362s] -- Up-to-date: /home/karan/vector_ws_corrected/install/vector_agv_v2/share/vector_agv_v2/urdf
[0.362s] -- Up-to-date: /home/karan/vector_ws_corrected/install/vector_agv_v2/share/vector_agv_v2/urdf/vector_v2.urdf.xacro
[0.363s] -- Up-to-date: /home/karan/vector_ws_corrected/install/vector_agv_v2/share/vector_agv_v2/worlds
[0.363s] -- Up-to-date: /home/karan/vector_ws_corrected/install/vector_agv_v2/share/vector_agv_v2/worlds/stadium.sdf
[0.363s] -- Up-to-date: /home/karan/vector_ws_corrected/install/vector_agv_v2/lib/vector_agv_v2/fleet_brain.py
[0.363s] -- Up-to-date: /home/karan/vector_ws_corrected/install/vector_agv_v2/lib/vector_agv_v2/fleet_brain.py
[0.363s] -- Installing: /home/karan/vector_ws_corrected/install/vector_agv_v2/lib/vector_agv_v2/swarm_supervisor.py
[0.363s] -- Up-to-date: /home/karan/vector_ws_corrected/install/vector_agv_v2/share/ament_index/resource_index/package_run_dependencies/vector_agv_v2
[0.364s] -- Installing: /home/karan/vector_ws_corrected/install/vector_agv_v2/share/ament_index/resource_index/parent_prefix_path/vector_agv_v2
[0.364s] -- Up-to-date: /home/karan/vector_ws_corrected/install/vector_agv_v2/share/vector_agv_v2/environment/ament_prefix_path.sh
[0.364s] -- Up-to-date: /home/karan/vector_ws_corrected/install/vector_agv_v2/share/vector_agv_v2/environment/ament_prefix_path.dsv
[0.364s] -- Up-to-date: /home/karan/vector_ws_corrected/install/vector_agv_v2/share/vector_agv_v2/environment/path.sh
[0.365s] -- Up-to-date: /home/karan/vector_ws_corrected/install/vector_agv_v2/share/vector_agv_v2/environment/path.dsv
[0.365s] -- Up-to-date: /home/karan/vector_ws_corrected/install/vector_agv_v2/share/vector_agv_v2/local_setup.bash
[0.365s] -- Up-to-date: /home/karan/vector_ws_corrected/install/vector_agv_v2/share/vector_agv_v2/local_setup.sh
[0.365s] -- Up-to-date: /home/karan/vector_ws_corrected/install/vector_agv_v2/share/vector_agv_v2/local_setup.zsh
[0.365s] -- Up-to-date: /home/karan/vector_ws_corrected/install/vector_agv_v2/share/vector_agv_v2/local_setup.dsv
[0.365s] -- Installing: /home/karan/vector_ws_corrected/install/vector_agv_v2/share/vector_agv_v2/package.dsv
[0.365s] -- Up-to-date: /home/karan/vector_ws_corrected/install/vector_agv_v2/share/ament_index/resource_index/packages/vector_agv_v2
[0.366s] -- Up-to-date: /home/karan/vector_ws_corrected/install/vector_agv_v2/share/vector_agv_v2/cmake/vector_agv_v2Config.cmake
[0.366s] -- Up-to-date: /home/karan/vector_ws_corrected/install/vector_agv_v2/share/vector_agv_v2/cmake/vector_agv_v2Config-version.cmake
[0.366s] -- Up-to-date: /home/karan/vector_ws_corrected/install/vector_agv_v2/share/vector_agv_v2/package.xml
[0.366s] Invoked command in '/home/karan/vector_ws_corrected/build/vector_agv_v2' returned '0': CMAKE_PREFIX_PATH=${CMAKE_PREFIX_PATH}:/opt/ros/jazzy DEBUGINFOD_URLS=https://debuginfod.ubuntu.com /usr/bin/cmake --install /home/karan/vector_ws_corrected/build/vector_agv_v2
