[0.030s] Invoking command in '/home/karan/vector_ws_corrected/build/vector_agv_v2': CMAKE_PREFIX_PATH=${CMAKE_PREFIX_PATH}:/opt/ros/jazzy DEBUGINFOD_URLS=https://debuginfod.ubuntu.com /usr/bin/cmake --build /home/karan/vector_ws_corrected/build/vector_agv_v2 -- -j12 -l12
[0.137s] Invoked command in '/home/karan/vector_ws_corrected/build/vector_agv_v2' returned '0': CMAKE_PREFIX_PATH=${CMAKE_PREFIX_PATH}:/opt/ros/jazzy DEBUGINFOD_URLS=https://debuginfod.ubuntu.com /usr/bin/cmake --build /home/karan/vector_ws_corrected/build/vector_agv_v2 -- -j12 -l12
[0.166s] Invoking command in '/home/karan/vector_ws_corrected/build/vector_agv_v2': CMAKE_PREFIX_PATH=${CMAKE_PREFIX_PATH}:/opt/ros/jazzy DEBUGINFOD_URLS=https://debuginfod.ubuntu.com /usr/bin/cmake --install /home/karan/vector_ws_corrected/build/vector_agv_v2
[0.188s] -- Install configuration: ""
[0.189s] -- Up-to-date: /home/karan/vector_ws_corrected/install/vector_agv_v2/share/vector_agv_v2/launch
[0.190s] -- Installing: /home/karan/vector_ws_corrected/install/vector_agv_v2/share/vector_agv_v2/launch/sim.launch.py
[0.190s] -- Up-to-date: /home/karan/vector_ws_corrected/install/vector_agv_v2/share/vector_agv_v2/urdf
[0.191s] -- Up-to-date: /home/karan/vector_ws_corrected/install/vector_agv_v2/share/vector_agv_v2/urdf/vector_v2.urdf.xacro
[0.191s] -- Up-to-date: /home/karan/vector_ws_corrected/install/vector_agv_v2/share/vector_agv_v2/worlds
[0.191s] -- Up-to-date: /home/karan/vector_ws_corrected/install/vector_agv_v2/share/vector_agv_v2/worlds/stadium.sdf
[0.191s] -- Up-to-date: /home/karan/vector_ws_corrected/install/vector_agv_v2/lib/vector_agv_v2/fleet_brain.py
[0.192s] -- Up-to-date: /home/karan/vector_ws_corrected/install/vector_agv_v2/share/ament_index/resource_index/package_run_dependencies/vector_agv_v2
[0.192s] -- Up-to-date: /home/karan/vector_ws_corrected/install/vector_agv_v2/share/ament_index/resource_index/parent_prefix_path/vector_agv_v2
[0.192s] -- Up-to-date: /home/karan/vector_ws_corrected/install/vector_agv_v2/share/vector_agv_v2/environment/ament_prefix_path.sh
[0.193s] -- Up-to-date: /home/karan/vector_ws_corrected/install/vector_agv_v2/share/vector_agv_v2/environment/ament_prefix_path.dsv
[0.193s] -- Up-to-date: /home/karan/vector_ws_corrected/install/vector_agv_v2/share/vector_agv_v2/environment/path.sh
[0.193s] -- Up-to-date: /home/karan/vector_ws_corrected/install/vector_agv_v2/share/vector_agv_v2/environment/path.dsv
[0.193s] -- Up-to-date: /home/karan/vector_ws_corrected/install/vector_agv_v2/share/vector_agv_v2/local_setup.bash
[0.194s] -- Up-to-date: /home/karan/vector_ws_corrected/install/vector_agv_v2/share/vector_agv_v2/local_setup.sh
[0.194s] -- Up-to-date: /home/karan/vector_ws_corrected/install/vector_agv_v2/share/vector_agv_v2/local_setup.zsh
[0.195s] -- Up-to-date: /home/karan/vector_ws_corrected/install/vector_agv_v2/share/vector_agv_v2/local_setup.dsv
[0.196s] -- Installing: /home/karan/vector_ws_corrected/install/vector_agv_v2/share/vector_agv_v2/package.dsv
[0.197s] -- Up-to-date: /home/karan/vector_ws_corrected/install/vector_agv_v2/share/ament_index/resource_index/packages/vector_agv_v2
[0.199s] -- Up-to-date: /home/karan/vector_ws_corrected/install/vector_agv_v2/share/vector_agv_v2/cmake/vector_agv_v2Config.cmake
[0.200s] -- Up-to-date: /home/karan/vector_ws_corrected/install/vector_agv_v2/share/vector_agv_v2/cmake/vector_agv_v2Config-version.cmake
[0.200s] -- Up-to-date: /home/karan/vector_ws_corrected/install/vector_agv_v2/share/vector_agv_v2/package.xml
[0.201s] Invoked command in '/home/karan/vector_ws_corrected/build/vector_agv_v2' returned '0': CMAKE_PREFIX_PATH=${CMAKE_PREFIX_PATH}:/opt/ros/jazzy DEBUGINFOD_URLS=https://debuginfod.ubuntu.com /usr/bin/cmake --install /home/karan/vector_ws_corrected/build/vector_agv_v2
