[0.089s] DEBUG:colcon:Command line arguments: ['/usr/bin/colcon', 'build', '--packages-select', 'vector_agv_v2']
[0.089s] DEBUG:colcon:Parsed command line arguments: Namespace(log_base=None, log_level=None, verb_name='build', build_base='build', install_base='install', merge_install=False, symlink_install=False, test_result_base=None, continue_on_error=False, executor='parallel', parallel_workers=12, event_handlers=None, ignore_user_meta=False, metas=['./colcon.meta'], base_paths=['.'], packages_ignore=None, packages_ignore_regex=None, paths=None, packages_up_to=None, packages_up_to_regex=None, packages_above=None, packages_above_and_dependencies=None, packages_above_depth=None, packages_select_by_dep=None, packages_skip_by_dep=None, packages_skip_up_to=None, packages_select_build_failed=False, packages_skip_build_finished=False, packages_select_test_failures=False, packages_skip_test_passed=False, packages_select=['vector_agv_v2'], packages_skip=None, packages_select_regex=None, packages_skip_regex=None, packages_start=None, packages_end=None, allow_overriding=[], cmake_args=None, cmake_target=None, cmake_target_skip_unavailable=False, cmake_clean_cache=False, cmake_clean_first=False, cmake_force_configure=False, ament_cmake_args=None, catkin_cmake_args=None, catkin_skip_building_tests=False, mixin_files=None, mixin=None, verb_parser=<colcon_mixin.mixin.mixin_argument.MixinArgumentDecorator object at 0x7de63eb74860>, verb_extension=<colcon_core.verb.build.BuildVerb object at 0x7de63e995610>, main=<bound method BuildVerb.main of <colcon_core.verb.build.BuildVerb object at 0x7de63e995610>>, mixin_verb=('build',))
[0.120s] Level 1:colcon.colcon_core.package_discovery:discover_packages(colcon_meta) check parameters
[0.120s] Level 1:colcon.colcon_core.package_discovery:discover_packages(recursive) check parameters
[0.121s] Level 1:colcon.colcon_core.package_discovery:discover_packages(ignore) check parameters
[0.121s] Level 1:colcon.colcon_core.package_discovery:discover_packages(path) check parameters
[0.121s] Level 1:colcon.colcon_core.package_discovery:discover_packages(colcon_meta) discover
[0.121s] Level 1:colcon.colcon_core.package_discovery:discover_packages(recursive) discover
[0.121s] INFO:colcon.colcon_core.package_discovery:Crawling recursively for packages in '/home/karan/vector_ws_corrected'
[0.121s] Level 1:colcon.colcon_core.package_identification:_identify(.) by extensions ['ignore', 'ignore_ament_install']
[0.121s] Level 1:colcon.colcon_core.package_identification:_identify(.) by extension 'ignore'
[0.121s] Level 1:colcon.colcon_core.package_identification:_identify(.) by extension 'ignore_ament_install'
[0.121s] Level 1:colcon.colcon_core.package_identification:_identify(.) by extensions ['colcon_pkg']
[0.121s] Level 1:colcon.colcon_core.package_identification:_identify(.) by extension 'colcon_pkg'
[0.121s] Level 1:colcon.colcon_core.package_identification:_identify(.) by extensions ['colcon_meta']
[0.121s] Level 1:colcon.colcon_core.package_identification:_identify(.) by extension 'colcon_meta'
[0.121s] Level 1:colcon.colcon_core.package_identification:_identify(.) by extensions ['ros']
[0.121s] Level 1:colcon.colcon_core.package_identification:_identify(.) by extension 'ros'
[0.142s] Level 1:colcon.colcon_core.package_identification:_identify(.) by extensions ['cmake', 'python']
[0.142s] Level 1:colcon.colcon_core.package_identification:_identify(.) by extension 'cmake'
[0.142s] Level 1:colcon.colcon_core.package_identification:_identify(.) by extension 'python'
[0.142s] Level 1:colcon.colcon_core.package_identification:_identify(.) by extensions ['python_setup_py']
[0.142s] Level 1:colcon.colcon_core.package_identification:_identify(.) by extension 'python_setup_py'
[0.142s] Level 1:colcon.colcon_core.package_identification:_identify(build) by extensions ['ignore', 'ignore_ament_install']
[0.142s] Level 1:colcon.colcon_core.package_identification:_identify(build) by extension 'ignore'
[0.142s] Level 1:colcon.colcon_core.package_identification:_identify(build) ignored
[0.142s] Level 1:colcon.colcon_core.package_identification:_identify(install) by extensions ['ignore', 'ignore_ament_install']
[0.143s] Level 1:colcon.colcon_core.package_identification:_identify(install) by extension 'ignore'
[0.143s] Level 1:colcon.colcon_core.package_identification:_identify(install) ignored
[0.143s] Level 1:colcon.colcon_core.package_identification:_identify(log) by extensions ['ignore', 'ignore_ament_install']
[0.143s] Level 1:colcon.colcon_core.package_identification:_identify(log) by extension 'ignore'
[0.143s] Level 1:colcon.colcon_core.package_identification:_identify(log) ignored
[0.143s] Level 1:colcon.colcon_core.package_identification:_identify(src) by extensions ['ignore', 'ignore_ament_install']
[0.143s] Level 1:colcon.colcon_core.package_identification:_identify(src) by extension 'ignore'
[0.143s] Level 1:colcon.colcon_core.package_identification:_identify(src) by extension 'ignore_ament_install'
[0.143s] Level 1:colcon.colcon_core.package_identification:_identify(src) by extensions ['colcon_pkg']
[0.143s] Level 1:colcon.colcon_core.package_identification:_identify(src) by extension 'colcon_pkg'
[0.143s] Level 1:colcon.colcon_core.package_identification:_identify(src) by extensions ['colcon_meta']
[0.143s] Level 1:colcon.colcon_core.package_identification:_identify(src) by extension 'colcon_meta'
[0.143s] Level 1:colcon.colcon_core.package_identification:_identify(src) by extensions ['ros']
[0.143s] Level 1:colcon.colcon_core.package_identification:_identify(src) by extension 'ros'
[0.143s] Level 1:colcon.colcon_core.package_identification:_identify(src) by extensions ['cmake', 'python']
[0.143s] Level 1:colcon.colcon_core.package_identification:_identify(src) by extension 'cmake'
[0.143s] Level 1:colcon.colcon_core.package_identification:_identify(src) by extension 'python'
[0.143s] Level 1:colcon.colcon_core.package_identification:_identify(src) by extensions ['python_setup_py']
[0.143s] Level 1:colcon.colcon_core.package_identification:_identify(src) by extension 'python_setup_py'
[0.143s] Level 1:colcon.colcon_core.package_identification:_identify(src/vector_agv_v2) by extensions ['ignore', 'ignore_ament_install']
[0.144s] Level 1:colcon.colcon_core.package_identification:_identify(src/vector_agv_v2) by extension 'ignore'
[0.144s] Level 1:colcon.colcon_core.package_identification:_identify(src/vector_agv_v2) by extension 'ignore_ament_install'
[0.144s] Level 1:colcon.colcon_core.package_identification:_identify(src/vector_agv_v2) by extensions ['colcon_pkg']
[0.144s] Level 1:colcon.colcon_core.package_identification:_identify(src/vector_agv_v2) by extension 'colcon_pkg'
[0.144s] Level 1:colcon.colcon_core.package_identification:_identify(src/vector_agv_v2) by extensions ['colcon_meta']
[0.144s] Level 1:colcon.colcon_core.package_identification:_identify(src/vector_agv_v2) by extension 'colcon_meta'
[0.144s] Level 1:colcon.colcon_core.package_identification:_identify(src/vector_agv_v2) by extensions ['ros']
[0.144s] Level 1:colcon.colcon_core.package_identification:_identify(src/vector_agv_v2) by extension 'ros'
[0.146s] DEBUG:colcon.colcon_core.package_identification:Package 'src/vector_agv_v2' with type 'ros.ament_cmake' and name 'vector_agv_v2'
[0.146s] Level 1:colcon.colcon_core.package_discovery:discover_packages(recursive) using defaults
[0.146s] Level 1:colcon.colcon_core.package_discovery:discover_packages(ignore) discover
[0.146s] Level 1:colcon.colcon_core.package_discovery:discover_packages(ignore) using defaults
[0.146s] Level 1:colcon.colcon_core.package_discovery:discover_packages(path) discover
[0.146s] Level 1:colcon.colcon_core.package_discovery:discover_packages(path) using defaults
[0.160s] Level 1:colcon.colcon_core.package_discovery:discover_packages(prefix_path) check parameters
[0.160s] Level 1:colcon.colcon_core.package_discovery:discover_packages(prefix_path) discover
[0.161s] DEBUG:colcon.colcon_installed_package_information.package_discovery:Found 1 installed packages in /home/karan/vector_ws_corrected/install
[0.162s] DEBUG:colcon.colcon_installed_package_information.package_discovery:Found 5 installed packages in /home/karan/ros2_ws/install
[0.163s] DEBUG:colcon.colcon_installed_package_information.package_discovery:Found 394 installed packages in /opt/ros/jazzy
[0.165s] Level 1:colcon.colcon_core.package_discovery:discover_packages(prefix_path) using defaults
[0.209s] Level 5:colcon.colcon_core.verb:set package 'vector_agv_v2' build argument 'cmake_args' from command line to 'None'
[0.209s] Level 5:colcon.colcon_core.verb:set package 'vector_agv_v2' build argument 'cmake_target' from command line to 'None'
[0.209s] Level 5:colcon.colcon_core.verb:set package 'vector_agv_v2' build argument 'cmake_target_skip_unavailable' from command line to 'False'
[0.209s] Level 5:colcon.colcon_core.verb:set package 'vector_agv_v2' build argument 'cmake_clean_cache' from command line to 'False'
[0.209s] Level 5:colcon.colcon_core.verb:set package 'vector_agv_v2' build argument 'cmake_clean_first' from command line to 'False'
[0.209s] Level 5:colcon.colcon_core.verb:set package 'vector_agv_v2' build argument 'cmake_force_configure' from command line to 'False'
[0.209s] Level 5:colcon.colcon_core.verb:set package 'vector_agv_v2' build argument 'ament_cmake_args' from command line to 'None'
[0.209s] Level 5:colcon.colcon_core.verb:set package 'vector_agv_v2' build argument 'catkin_cmake_args' from command line to 'None'
[0.209s] Level 5:colcon.colcon_core.verb:set package 'vector_agv_v2' build argument 'catkin_skip_building_tests' from command line to 'False'
[0.209s] DEBUG:colcon.colcon_core.verb:Building package 'vector_agv_v2' with the following arguments: {'ament_cmake_args': None, 'build_base': '/home/karan/vector_ws_corrected/build/vector_agv_v2', 'catkin_cmake_args': None, 'catkin_skip_building_tests': False, 'cmake_args': None, 'cmake_clean_cache': False, 'cmake_clean_first': False, 'cmake_force_configure': False, 'cmake_target': None, 'cmake_target_skip_unavailable': False, 'install_base': '/home/karan/vector_ws_corrected/install/vector_agv_v2', 'merge_install': False, 'path': '/home/karan/vector_ws_corrected/src/vector_agv_v2', 'symlink_install': False, 'test_result_base': None}
[0.209s] INFO:colcon.colcon_core.executor:Executing jobs using 'parallel' executor
[0.210s] DEBUG:colcon.colcon_parallel_executor.executor.parallel:run_until_complete
[0.210s] INFO:colcon.colcon_ros.task.ament_cmake.build:Building ROS package in '/home/karan/vector_ws_corrected/src/vector_agv_v2' with build type 'ament_cmake'
[0.210s] INFO:colcon.colcon_cmake.task.cmake.build:Building CMake package in '/home/karan/vector_ws_corrected/src/vector_agv_v2'
[0.212s] INFO:colcon.colcon_core.plugin_system:Skipping extension 'colcon_core.shell.bat': Not used on non-Windows systems
[0.212s] INFO:colcon.colcon_core.shell:Skip shell extension 'powershell' for command environment: Not usable outside of PowerShell
[0.212s] DEBUG:colcon.colcon_core.shell:Skip shell extension 'dsv' for command environment
[0.223s] DEBUG:colcon.colcon_core.event_handler.log_command:Invoking command in '/home/karan/vector_ws_corrected/build/vector_agv_v2': CMAKE_PREFIX_PATH=${CMAKE_PREFIX_PATH}:/opt/ros/jazzy DEBUGINFOD_URLS=https://debuginfod.ubuntu.com /usr/bin/cmake --build /home/karan/vector_ws_corrected/build/vector_agv_v2 -- -j12 -l12
[0.269s] DEBUG:colcon.colcon_core.event_handler.log_command:Invoked command in '/home/karan/vector_ws_corrected/build/vector_agv_v2' returned '0': CMAKE_PREFIX_PATH=${CMAKE_PREFIX_PATH}:/opt/ros/jazzy DEBUGINFOD_URLS=https://debuginfod.ubuntu.com /usr/bin/cmake --build /home/karan/vector_ws_corrected/build/vector_agv_v2 -- -j12 -l12
[0.280s] DEBUG:colcon.colcon_core.event_handler.log_command:Invoking command in '/home/karan/vector_ws_corrected/build/vector_agv_v2': CMAKE_PREFIX_PATH=${CMAKE_PREFIX_PATH}:/opt/ros/jazzy DEBUGINFOD_URLS=https://debuginfod.ubuntu.com /usr/bin/cmake --install /home/karan/vector_ws_corrected/build/vector_agv_v2
[0.291s] Level 1:colcon.colcon_core.environment:create_environment_scripts_only(vector_agv_v2)
[0.292s] DEBUG:colcon.colcon_core.event_handler.log_command:Invoked command in '/home/karan/vector_ws_corrected/build/vector_agv_v2' returned '0': CMAKE_PREFIX_PATH=${CMAKE_PREFIX_PATH}:/opt/ros/jazzy DEBUGINFOD_URLS=https://debuginfod.ubuntu.com /usr/bin/cmake --install /home/karan/vector_ws_corrected/build/vector_agv_v2
[0.294s] Level 1:colcon.colcon_core.environment:checking '/home/karan/vector_ws_corrected/install/vector_agv_v2' for CMake module files
[0.294s] Level 1:colcon.colcon_core.environment:checking '/home/karan/vector_ws_corrected/install/vector_agv_v2' for CMake config files
[0.294s] Level 1:colcon.colcon_core.shell:create_environment_hook('vector_agv_v2', 'cmake_prefix_path')
[0.294s] INFO:colcon.colcon_core.shell:Creating environment hook '/home/karan/vector_ws_corrected/install/vector_agv_v2/share/vector_agv_v2/hook/cmake_prefix_path.ps1'
[0.295s] INFO:colcon.colcon_core.shell:Creating environment descriptor '/home/karan/vector_ws_corrected/install/vector_agv_v2/share/vector_agv_v2/hook/cmake_prefix_path.dsv'
[0.295s] INFO:colcon.colcon_core.shell:Creating environment hook '/home/karan/vector_ws_corrected/install/vector_agv_v2/share/vector_agv_v2/hook/cmake_prefix_path.sh'
[0.296s] Level 1:colcon.colcon_core.environment:checking '/home/karan/vector_ws_corrected/install/vector_agv_v2/lib'
[0.296s] Level 1:colcon.colcon_core.environment:checking '/home/karan/vector_ws_corrected/install/vector_agv_v2/bin'
[0.296s] Level 1:colcon.colcon_core.environment:checking '/home/karan/vector_ws_corrected/install/vector_agv_v2/lib/pkgconfig/vector_agv_v2.pc'
[0.296s] Level 1:colcon.colcon_core.environment:checking '/home/karan/vector_ws_corrected/install/vector_agv_v2/lib/python3.12/site-packages'
[0.297s] Level 1:colcon.colcon_core.environment:checking '/home/karan/vector_ws_corrected/install/vector_agv_v2/bin'
[0.297s] INFO:colcon.colcon_core.shell:Creating package script '/home/karan/vector_ws_corrected/install/vector_agv_v2/share/vector_agv_v2/package.ps1'
[0.298s] INFO:colcon.colcon_core.shell:Creating package descriptor '/home/karan/vector_ws_corrected/install/vector_agv_v2/share/vector_agv_v2/package.dsv'
[0.298s] INFO:colcon.colcon_core.shell:Creating package script '/home/karan/vector_ws_corrected/install/vector_agv_v2/share/vector_agv_v2/package.sh'
[0.298s] INFO:colcon.colcon_core.shell:Creating package script '/home/karan/vector_ws_corrected/install/vector_agv_v2/share/vector_agv_v2/package.bash'
[0.299s] INFO:colcon.colcon_core.shell:Creating package script '/home/karan/vector_ws_corrected/install/vector_agv_v2/share/vector_agv_v2/package.zsh'
[0.299s] Level 1:colcon.colcon_core.environment:create_file_with_runtime_dependencies(/home/karan/vector_ws_corrected/install/vector_agv_v2/share/colcon-core/packages/vector_agv_v2)
[0.300s] Level 1:colcon.colcon_core.environment:create_environment_scripts_only(vector_agv_v2)
[0.300s] Level 1:colcon.colcon_core.environment:checking '/home/karan/vector_ws_corrected/install/vector_agv_v2' for CMake module files
[0.300s] Level 1:colcon.colcon_core.environment:checking '/home/karan/vector_ws_corrected/install/vector_agv_v2' for CMake config files
[0.300s] Level 1:colcon.colcon_core.shell:create_environment_hook('vector_agv_v2', 'cmake_prefix_path')
[0.301s] INFO:colcon.colcon_core.shell:Creating environment hook '/home/karan/vector_ws_corrected/install/vector_agv_v2/share/vector_agv_v2/hook/cmake_prefix_path.ps1'
[0.301s] INFO:colcon.colcon_core.shell:Creating environment descriptor '/home/karan/vector_ws_corrected/install/vector_agv_v2/share/vector_agv_v2/hook/cmake_prefix_path.dsv'
[0.301s] INFO:colcon.colcon_core.shell:Creating environment hook '/home/karan/vector_ws_corrected/install/vector_agv_v2/share/vector_agv_v2/hook/cmake_prefix_path.sh'
[0.302s] Level 1:colcon.colcon_core.environment:checking '/home/karan/vector_ws_corrected/install/vector_agv_v2/lib'
[0.302s] Level 1:colcon.colcon_core.environment:checking '/home/karan/vector_ws_corrected/install/vector_agv_v2/bin'
[0.302s] Level 1:colcon.colcon_core.environment:checking '/home/karan/vector_ws_corrected/install/vector_agv_v2/lib/pkgconfig/vector_agv_v2.pc'
[0.302s] Level 1:colcon.colcon_core.environment:checking '/home/karan/vector_ws_corrected/install/vector_agv_v2/lib/python3.12/site-packages'
[0.302s] Level 1:colcon.colcon_core.environment:checking '/home/karan/vector_ws_corrected/install/vector_agv_v2/bin'
[0.302s] INFO:colcon.colcon_core.shell:Creating package script '/home/karan/vector_ws_corrected/install/vector_agv_v2/share/vector_agv_v2/package.ps1'
[0.303s] INFO:colcon.colcon_core.shell:Creating package descriptor '/home/karan/vector_ws_corrected/install/vector_agv_v2/share/vector_agv_v2/package.dsv'
[0.303s] INFO:colcon.colcon_core.shell:Creating package script '/home/karan/vector_ws_corrected/install/vector_agv_v2/share/vector_agv_v2/package.sh'
[0.303s] INFO:colcon.colcon_core.shell:Creating package script '/home/karan/vector_ws_corrected/install/vector_agv_v2/share/vector_agv_v2/package.bash'
[0.304s] INFO:colcon.colcon_core.shell:Creating package script '/home/karan/vector_ws_corrected/install/vector_agv_v2/share/vector_agv_v2/package.zsh'
[0.304s] Level 1:colcon.colcon_core.environment:create_file_with_runtime_dependencies(/home/karan/vector_ws_corrected/install/vector_agv_v2/share/colcon-core/packages/vector_agv_v2)
[0.304s] DEBUG:colcon.colcon_parallel_executor.executor.parallel:closing loop
[0.305s] DEBUG:colcon.colcon_parallel_executor.executor.parallel:loop closed
[0.305s] DEBUG:colcon.colcon_parallel_executor.executor.parallel:run_until_complete finished with '0'
[0.305s] DEBUG:colcon.colcon_core.event_reactor:joining thread
[0.310s] INFO:colcon.colcon_core.plugin_system:Skipping extension 'colcon_notification.desktop_notification.terminal_notifier': Not used on non-Darwin systems
[0.310s] INFO:colcon.colcon_core.plugin_system:Skipping extension 'colcon_notification.desktop_notification.win32': Not used on non-Windows systems
[0.310s] INFO:colcon.colcon_notification.desktop_notification:Sending desktop notification using 'notify2'
[0.322s] DEBUG:colcon.colcon_core.event_reactor:joined thread
[0.323s] INFO:colcon.colcon_core.shell:Creating prefix script '/home/karan/vector_ws_corrected/install/local_setup.ps1'
[0.323s] INFO:colcon.colcon_core.shell:Creating prefix util module '/home/karan/vector_ws_corrected/install/_local_setup_util_ps1.py'
[0.325s] INFO:colcon.colcon_core.shell:Creating prefix chain script '/home/karan/vector_ws_corrected/install/setup.ps1'
[0.326s] INFO:colcon.colcon_core.shell:Creating prefix script '/home/karan/vector_ws_corrected/install/local_setup.sh'
[0.326s] INFO:colcon.colcon_core.shell:Creating prefix util module '/home/karan/vector_ws_corrected/install/_local_setup_util_sh.py'
[0.327s] INFO:colcon.colcon_core.shell:Creating prefix chain script '/home/karan/vector_ws_corrected/install/setup.sh'
[0.328s] INFO:colcon.colcon_core.shell:Creating prefix script '/home/karan/vector_ws_corrected/install/local_setup.bash'
[0.328s] INFO:colcon.colcon_core.shell:Creating prefix chain script '/home/karan/vector_ws_corrected/install/setup.bash'
[0.329s] INFO:colcon.colcon_core.shell:Creating prefix script '/home/karan/vector_ws_corrected/install/local_setup.zsh'
[0.330s] INFO:colcon.colcon_core.shell:Creating prefix chain script '/home/karan/vector_ws_corrected/install/setup.zsh'
